[    1507ms] [INFO] %cDownload the React DevTools for a better development experience: https://react.dev/link/react-devtools font-weight:bold @ http://localhost:3000/node_modules/.vite/deps/react-dom_client.js?v=4beea6ec:15804
[    1930ms] [ERROR] Access to fetch at 'https://api.lift.garrett.one/api/auth/get-session' from origin 'http://localhost:3000' has been blocked by CORS policy: No 'Access-Control-Allow-Origin' header is present on the requested resource. @ http://localhost:3000/:0
[    1931ms] [ERROR] Failed to load resource: net::ERR_FAILED @ https://api.lift.garrett.one/api/auth/get-session:0
[   20186ms] [INFO] %cDownload the React DevTools for a better development experience: https://react.dev/link/react-devtools font-weight:bold @ http://localhost:3000/node_modules/.vite/deps/react-dom_client.js?v=4beea6ec:15804
[   20446ms] [ERROR] Access to fetch at 'https://api.lift.garrett.one/api/auth/get-session' from origin 'http://localhost:3000' has been blocked by CORS policy: No 'Access-Control-Allow-Origin' header is present on the requested resource. @ http://localhost:3000/:0
[   20446ms] [ERROR] Failed to load resource: net::ERR_FAILED @ https://api.lift.garrett.one/api/auth/get-session:0
[   51688ms] [INFO] %cDownload the React DevTools for a better development experience: https://react.dev/link/react-devtools font-weight:bold @ http://localhost:3000/node_modules/.vite/deps/react-dom_client.js?v=4beea6ec:15804
[   52150ms] [ERROR] Access to fetch at 'https://api.lift.garrett.one/api/auth/get-session' from origin 'http://localhost:3000' has been blocked by CORS policy: No 'Access-Control-Allow-Origin' header is present on the requested resource. @ http://localhost:3000/:0
[   52150ms] [ERROR] Failed to load resource: net::ERR_FAILED @ https://api.lift.garrett.one/api/auth/get-session:0
[   61257ms] [INFO] %cDownload the React DevTools for a better development experience: https://react.dev/link/react-devtools font-weight:bold @ http://localhost:3000/node_modules/.vite/deps/react-dom_client.js?v=4beea6ec:15804
[   61492ms] [ERROR] Access to fetch at 'https://api.lift.garrett.one/api/auth/get-session' from origin 'http://localhost:3000' has been blocked by CORS policy: No 'Access-Control-Allow-Origin' header is present on the requested resource. @ http://localhost:3000/:0
[   61492ms] [ERROR] Failed to load resource: net::ERR_FAILED @ https://api.lift.garrett.one/api/auth/get-session:0
[  564451ms] [INFO] %cDownload the React DevTools for a better development experience: https://react.dev/link/react-devtools font-weight:bold @ http://localhost:3000/node_modules/.vite/deps/react-dom_client.js?v=4beea6ec:15804
[  565109ms] [ERROR] Access to fetch at 'https://api.lift.garrett.one/api/auth/get-session' from origin 'http://localhost:3000' has been blocked by CORS policy: No 'Access-Control-Allow-Origin' header is present on the requested resource. @ http://localhost:3000/:0
[  565110ms] [ERROR] Failed to load resource: net::ERR_FAILED @ https://api.lift.garrett.one/api/auth/get-session:0
[  705519ms] [WARNING] "debugSource" found.
This will override any same-named client-supplied configSource fields.
This setting "sticks" across session, use "setDebugSource(null)" to clear @ https://apps.apple.com/assets/mt-client-logger-core.esm~Cp_SChgfjW.js:1
[  734836ms] [INFO] %cDownload the React DevTools for a better development experience: https://react.dev/link/react-devtools font-weight:bold @ http://localhost:3000/node_modules/.vite/deps/react-dom_client.js?v=4beea6ec:15804
[  735293ms] [ERROR] Access to fetch at 'https://api.lift.garrett.one/api/auth/get-session' from origin 'http://localhost:3000' has been blocked by CORS policy: No 'Access-Control-Allow-Origin' header is present on the requested resource. @ http://localhost:3000/:0
[  735294ms] [ERROR] Failed to load resource: net::ERR_FAILED @ https://api.lift.garrett.one/api/auth/get-session:0
[ 1664836ms] [ERROR] Failed to load resource: the server responded with a status of 404 () @ http://localhost:3000/home/hero-character.webp:0
[ 1791673ms] [ERROR] Failed to load resource: the server responded with a status of 404 () @ http://localhost:3000/home/hero-character.webp:0
[ 1791782ms] [INFO] %cDownload the React DevTools for a better development experience: https://react.dev/link/react-devtools font-weight:bold @ http://localhost:3000/node_modules/.vite/deps/react-dom_client.js?v=4beea6ec:15804
[ 1792410ms] [ERROR] Access to fetch at 'https://api.lift.garrett.one/api/auth/get-session' from origin 'http://localhost:3000' has been blocked by CORS policy: No 'Access-Control-Allow-Origin' header is present on the requested resource. @ http://localhost:3000/:0
[ 1792411ms] [ERROR] Failed to load resource: net::ERR_FAILED @ https://api.lift.garrett.one/api/auth/get-session:0
[ 1792740ms] [ERROR] Failed to load resource: the server responded with a status of 404 () @ http://localhost:3000/home/hero-character.webp:0
[ 1792770ms] [INFO] %cDownload the React DevTools for a better development experience: https://react.dev/link/react-devtools font-weight:bold @ http://localhost:3000/node_modules/.vite/deps/react-dom_client.js?v=4beea6ec:15804
[ 1792949ms] [ERROR] Access to fetch at 'https://api.lift.garrett.one/api/auth/get-session' from origin 'http://localhost:3000' has been blocked by CORS policy: No 'Access-Control-Allow-Origin' header is present on the requested resource. @ http://localhost:3000/:0
[ 1792950ms] [ERROR] Failed to load resource: net::ERR_FAILED @ https://api.lift.garrett.one/api/auth/get-session:0
[ 1809690ms] [ERROR] WebSocket connection to 'ws://localhost:3000/?token=Qt0ZJgZGcFY6' failed:  @ http://localhost:3000/@vite/client:895
[ 1809704ms] [LOG] [vite] server connection lost. Polling for restart... @ http://localhost:3000/@vite/client:1030
[ 1813024ms] [ERROR] Failed to load resource: the server responded with a status of 404 () @ http://localhost:3000/home/hero-character.webp:0
[ 1813601ms] [INFO] %cDownload the React DevTools for a better development experience: https://react.dev/link/react-devtools font-weight:bold @ http://localhost:3000/node_modules/.vite/deps/react-dom_client.js?v=320a6482:15804
[ 1814005ms] [ERROR] Access to fetch at 'https://api.lift.garrett.one/api/auth/get-session' from origin 'http://localhost:3000' has been blocked by CORS policy: No 'Access-Control-Allow-Origin' header is present on the requested resource. @ http://localhost:3000/:0
[ 1814006ms] [ERROR] Failed to load resource: net::ERR_FAILED @ https://api.lift.garrett.one/api/auth/get-session:0
[ 1882782ms] [ERROR] Failed to load resource: the server responded with a status of 404 () @ http://localhost:3000/home/hero-character.webp:0
[ 1882855ms] [INFO] %cDownload the React DevTools for a better development experience: https://react.dev/link/react-devtools font-weight:bold @ http://localhost:3000/node_modules/.vite/deps/react-dom_client.js?v=320a6482:15804
[ 1883390ms] [ERROR] Access to fetch at 'https://api.lift.garrett.one/api/auth/get-session' from origin 'http://localhost:3000' has been blocked by CORS policy: No 'Access-Control-Allow-Origin' header is present on the requested resource. @ http://localhost:3000/:0
[ 1883390ms] [ERROR] Failed to load resource: net::ERR_FAILED @ https://api.lift.garrett.one/api/auth/get-session:0
[ 1883422ms] [ERROR] Failed to load resource: the server responded with a status of 404 () @ http://localhost:3000/home/hero-character.webp:0
[ 1883448ms] [INFO] %cDownload the React DevTools for a better development experience: https://react.dev/link/react-devtools font-weight:bold @ http://localhost:3000/node_modules/.vite/deps/react-dom_client.js?v=320a6482:15804
[ 1883651ms] [ERROR] Failed to load resource: the server responded with a status of 404 () @ http://localhost:3000/home/hero-character.webp:0
[ 1883675ms] [INFO] %cDownload the React DevTools for a better development experience: https://react.dev/link/react-devtools font-weight:bold @ http://localhost:3000/node_modules/.vite/deps/react-dom_client.js?v=320a6482:15804
[ 1883870ms] [ERROR] Access to fetch at 'https://api.lift.garrett.one/api/auth/get-session' from origin 'http://localhost:3000' has been blocked by CORS policy: No 'Access-Control-Allow-Origin' header is present on the requested resource. @ http://localhost:3000/:0
[ 1883870ms] [ERROR] Failed to load resource: net::ERR_FAILED @ https://api.lift.garrett.one/api/auth/get-session:0
[ 1951039ms] [INFO] %cDownload the React DevTools for a better development experience: https://react.dev/link/react-devtools font-weight:bold @ http://localhost:3000/node_modules/.vite/deps/react-dom_client.js?v=320a6482:15804
[ 1951532ms] [ERROR] Access to fetch at 'https://api.lift.garrett.one/api/auth/get-session' from origin 'http://localhost:3000' has been blocked by CORS policy: No 'Access-Control-Allow-Origin' header is present on the requested resource. @ http://localhost:3000/:0
[ 1951532ms] [ERROR] Failed to load resource: net::ERR_FAILED @ https://api.lift.garrett.one/api/auth/get-session:0
[ 1963684ms] [INFO] %cDownload the React DevTools for a better development experience: https://react.dev/link/react-devtools font-weight:bold @ http://localhost:3000/node_modules/.vite/deps/react-dom_client.js?v=320a6482:15804
[ 1963904ms] [ERROR] Access to fetch at 'https://api.lift.garrett.one/api/auth/get-session' from origin 'http://localhost:3000' has been blocked by CORS policy: No 'Access-Control-Allow-Origin' header is present on the requested resource. @ http://localhost:3000/:0
[ 1963905ms] [ERROR] Failed to load resource: net::ERR_FAILED @ https://api.lift.garrett.one/api/auth/get-session:0
[ 1993987ms] [INFO] %cDownload the React DevTools for a better development experience: https://react.dev/link/react-devtools font-weight:bold @ http://localhost:3000/node_modules/.vite/deps/react-dom_client.js?v=320a6482:15804
[ 1994265ms] [ERROR] Access to fetch at 'https://api.lift.garrett.one/api/auth/get-session' from origin 'http://localhost:3000' has been blocked by CORS policy: No 'Access-Control-Allow-Origin' header is present on the requested resource. @ http://localhost:3000/:0
[ 1994266ms] [ERROR] Failed to load resource: net::ERR_FAILED @ https://api.lift.garrett.one/api/auth/get-session:0
[ 2073504ms] [INFO] %cDownload the React DevTools for a better development experience: https://react.dev/link/react-devtools font-weight:bold @ http://localhost:3000/node_modules/.vite/deps/react-dom_client.js?v=320a6482:15804
[ 2073845ms] [ERROR] Access to fetch at 'https://api.lift.garrett.one/api/auth/get-session' from origin 'http://localhost:3000' has been blocked by CORS policy: No 'Access-Control-Allow-Origin' header is present on the requested resource. @ http://localhost:3000/:0
[ 2073846ms] [ERROR] Failed to load resource: net::ERR_FAILED @ https://api.lift.garrett.one/api/auth/get-session:0
[ 2264922ms] [ERROR] Failed to load resource: the server responded with a status of 404 () @ https://www.duolingo.com/users/undefined/streak-goal-current?_=1791425482294:0
[ 2264951ms] [ERROR] Failed to load resource: the server responded with a status of 404 () @ https://www.duolingo.com/users/undefined/streak-goal-next-options?_=1791425482295:0
[ 2264956ms] [ERROR] Failed to load resource: the server responded with a status of 404 () @ https://zombie.duolingo.com/0/web.json?user=0&ts=1791425482&tzoffset=-4:0
[ 2299117ms] [ERROR] Failed to load resource: the server responded with a status of 404 () @ https://zombie.duolingo.com/0/web.json?user=0&ts=1791425516&tzoffset=-4:0
[ 2342229ms] [ERROR] Failed to load resource: the server responded with a status of 404 () @ https://zombie.duolingo.com/0/web.json?user=0&ts=1791425559&tzoffset=-4:0
[ 2389335ms] [ERROR] Failed to load resource: the server responded with a status of 404 () @ https://zombie.duolingo.com/0/web.json?user=0&ts=1791425606&tzoffset=-4:0
[ 2422436ms] [ERROR] Failed to load resource: the server responded with a status of 404 () @ https://zombie.duolingo.com/0/web.json?user=0&ts=1791425639&tzoffset=-4:0
[ 2473552ms] [ERROR] Failed to load resource: the server responded with a status of 404 () @ https://zombie.duolingo.com/0/web.json?user=0&ts=1791425691&tzoffset=-4:0
[ 2507627ms] [ERROR] Failed to load resource: the server responded with a status of 404 () @ https://zombie.duolingo.com/0/web.json?user=0&ts=1791425725&tzoffset=-4:0
[ 2539665ms] [ERROR] Failed to load resource: the server responded with a status of 404 () @ https://zombie.duolingo.com/0/web.json?user=0&ts=1791425757&tzoffset=-4:0
[ 2560125ms] [INFO] %cDownload the React DevTools for a better development experience: https://react.dev/link/react-devtools font-weight:bold @ http://localhost:3000/node_modules/.vite/deps/react-dom_client.js?v=320a6482:15804
[ 2560632ms] [ERROR] Access to fetch at 'https://api.lift.garrett.one/api/auth/get-session' from origin 'http://localhost:3000' has been blocked by CORS policy: No 'Access-Control-Allow-Origin' header is present on the requested resource. @ http://localhost:3000/:0
[ 2560633ms] [ERROR] Failed to load resource: net::ERR_FAILED @ https://api.lift.garrett.one/api/auth/get-session:0
[ 2584022ms] [INFO] %cDownload the React DevTools for a better development experience: https://react.dev/link/react-devtools font-weight:bold @ http://localhost:3000/node_modules/.vite/deps/react-dom_client.js?v=320a6482:15804
[ 2584233ms] [ERROR] Access to fetch at 'https://api.lift.garrett.one/api/auth/get-session' from origin 'http://localhost:3000' has been blocked by CORS policy: No 'Access-Control-Allow-Origin' header is present on the requested resource. @ http://localhost:3000/:0
[ 2584233ms] [ERROR] Failed to load resource: net::ERR_FAILED @ https://api.lift.garrett.one/api/auth/get-session:0
[ 2656020ms] [LOG] [Framer On-Page Editing] Unavailable because not on a `framer.app` subdomain and access status is no-auth @ https://app.framerstatic.com/editorbar.DEIDXMPZ.mjs:0
[ 2665724ms] [WARNING] [LaunchDarkly] The waitForInitialization function was called without a timeout specified. In a future version a default timeout will be applied. @ https://www.hopper.com/_next/static/chunks/5897-e97fe8f578c493ef.js:5
[ 2666038ms] [ERROR] Access to font at 'https://cdn.hopper.com/fonts/proximanova-semibold.otf' from origin 'https://www.hopper.com' has been blocked by CORS policy: No 'Access-Control-Allow-Origin' header is present on the requested resource. @ https://www.hopper.com/:0
[ 2666039ms] [ERROR] Failed to load resource: net::ERR_FAILED @ https://cdn.hopper.com/fonts/proximanova-semibold.otf:0
[ 2666039ms] [INFO] [LaunchDarkly] LaunchDarkly client initialized @ https://www.hopper.com/_next/static/chunks/5897-e97fe8f578c493ef.js:5
[ 2666053ms] [ERROR] Access to font at 'https://cdn.hopper.com/fonts/proximanova-bold.otf' from origin 'https://www.hopper.com' has been blocked by CORS policy: No 'Access-Control-Allow-Origin' header is present on the requested resource. @ https://www.hopper.com/:0
[ 2666053ms] [ERROR] Failed to load resource: net::ERR_FAILED @ https://cdn.hopper.com/fonts/proximanova-bold.otf:0
[ 2666115ms] [ERROR] Access to font at 'https://cdn.hopper.com/fonts/proximanova-regular.otf' from origin 'https://www.hopper.com' has been blocked by CORS policy: No 'Access-Control-Allow-Origin' header is present on the requested resource. @ https://www.hopper.com/:0
[ 2666115ms] [ERROR] Failed to load resource: net::ERR_FAILED @ https://cdn.hopper.com/fonts/proximanova-regular.otf:0
[ 2666125ms] [ERROR] Access to font at 'https://cdn.hopper.com/fonts/proximanova-extrabold.otf' from origin 'https://www.hopper.com' has been blocked by CORS policy: No 'Access-Control-Allow-Origin' header is present on the requested resource. @ https://www.hopper.com/:0
[ 2666126ms] [ERROR] Failed to load resource: net::ERR_FAILED @ https://cdn.hopper.com/fonts/proximanova-extrabold.otf:0
[ 2671834ms] [WARNING] Allow attribute will take precedence over 'allowfullscreen'. @ https://bear.app/:327
[ 2677107ms] [LOG] No WebGL support. Image mesh will not be drawn. @ https://unpkg.com/@rive-app/canvas@2:360
[ 2677720ms] [WARNING] [Rive: default-state-machine] No `stateMachine` was specified, so the artboard's first linear animation is playing by default. In the next major version, the artboard's state machine will be played by default instead when one exists. Pass the `stateMachine` parameter to adopt that behavior now.
To suppress this warning, set Rive.suppressDeprecationWarnings = ["default-state-machine"] @ https://unpkg.com/@rive-app/canvas@2:5595
[ 2677742ms] [LOG] No WebGL support. Image mesh will not be drawn. @ https://unpkg.com/@rive-app/canvas@2:360
[ 2677750ms] [LOG] No WebGL support. Image mesh will not be drawn. @ https://unpkg.com/@rive-app/canvas@2:360
[ 2677757ms] [LOG] No WebGL support. Image mesh will not be drawn. @ https://unpkg.com/@rive-app/canvas@2:360
[ 2677760ms] [LOG] No WebGL support. Image mesh will not be drawn. @ https://unpkg.com/@rive-app/canvas@2:360
[ 2677777ms] [LOG] No WebGL support. Image mesh will not be drawn. @ https://unpkg.com/@rive-app/canvas@2:360
[ 2677779ms] [LOG] No WebGL support. Image mesh will not be drawn. @ https://unpkg.com/@rive-app/canvas@2:360
[ 2677781ms] [LOG] No WebGL support. Image mesh will not be drawn. @ https://unpkg.com/@rive-app/canvas@2:360
[ 2677785ms] [LOG] No WebGL support. Image mesh will not be drawn. @ https://unpkg.com/@rive-app/canvas@2:360
[ 2677788ms] [LOG] No WebGL support. Image mesh will not be drawn. @ https://unpkg.com/@rive-app/canvas@2:360
[ 2677797ms] [LOG] No WebGL support. Image mesh will not be drawn. @ https://unpkg.com/@rive-app/canvas@2:360
[ 2677800ms] [LOG] No WebGL support. Image mesh will not be drawn. @ https://unpkg.com/@rive-app/canvas@2:360
[ 2677802ms] [LOG] No WebGL support. Image mesh will not be drawn. @ https://unpkg.com/@rive-app/canvas@2:360
[ 2677805ms] [LOG] No WebGL support. Image mesh will not be drawn. @ https://unpkg.com/@rive-app/canvas@2:360
[ 2677809ms] [LOG] No WebGL support. Image mesh will not be drawn. @ https://unpkg.com/@rive-app/canvas@2:360
[ 2677811ms] [LOG] No WebGL support. Image mesh will not be drawn. @ https://unpkg.com/@rive-app/canvas@2:360
[ 2677813ms] [LOG] No WebGL support. Image mesh will not be drawn. @ https://unpkg.com/@rive-app/canvas@2:360
[ 2677815ms] [LOG] No WebGL support. Image mesh will not be drawn. @ https://unpkg.com/@rive-app/canvas@2:360
[ 2677818ms] [LOG] No WebGL support. Image mesh will not be drawn. @ https://unpkg.com/@rive-app/canvas@2:360
[ 2680968ms] [WARNING] A preload for 'https://mailchimp.com/cdn/product/release/dist/js-src/ecs/cookie-preferences-manager.20fc3264ba1c0834.js' is found, but is not used because the request credentials mode does not match. Consider taking a look at crossorigin attribute. @ https://mailchimp.com/:0
[ 2681328ms] [WARNING] [GSI_LOGGER]: Your client application uses one of the Google One Tap prompt UI status methods that may stop functioning when FedCM becomes mandatory. Refer to the migration guide to update your code accordingly and opt-in to FedCM to test your changes. Learn more: https://developers.google.com/identity/gsi/web/guides/fedcm-migration?s=dc#display_moment and https://developers.google.com/identity/gsi/web/guides/fedcm-migration?s=dc#skipped_moment @ https://mailchimp.com/release/plums/cxp/js/index.0b1a4bc3.1.js:0
[ 2681336ms] [ERROR] Not signed in with the identity provider. @ https://mailchimp.com/:0
[ 2681922ms] [WARNING] Failed to execute 'postMessage' on 'DOMWindow': The target origin provided ('https://capture.navattic.com') does not match the recipient window's origin ('https://mailchimp.com'). @ https://mailchimp.com/release/plums/chunks/js/8942.c1400b3f757dd6c4.1.js:0
[ 2682064ms] [ERROR] The Content Security Policy directive 'upgrade-insecure-requests' is ignored when delivered in a report-only policy. @ https://capture.navattic.com/cmq12pdjj000a04jrburiar9j?lang=en:0
[ 2682076ms] [LOG] [AAT] Region explicitly set to EU @ https://mailchimp.com/release/plums/cxp/js/index.0b1a4bc3.1.js:0
[ 2682078ms] [LOG] [AAT] Region explicitly set to EU @ https://mailchimp.com/release/plums/cxp/js/index.0b1a4bc3.1.js:0
[ 2682079ms] [LOG] [AAT] Region explicitly set to EU @ https://mailchimp.com/release/plums/cxp/js/index.0b1a4bc3.1.js:0
[ 2682083ms] [WARNING] Key email has no value @ https://mailchimp.com/release/plums/cxp/js/index.0b1a4bc3.1.js:0
[ 2682083ms] [WARNING] Key email has no value @ https://mailchimp.com/release/plums/cxp/js/index.0b1a4bc3.1.js:0
[ 2682083ms] [WARNING] Key email has no value @ https://mailchimp.com/release/plums/cxp/js/index.0b1a4bc3.1.js:0
[ 2682084ms] [WARNING] Key email has no value @ https://mailchimp.com/release/plums/cxp/js/index.0b1a4bc3.1.js:0
[ 2682084ms] [WARNING] Key email has no value @ https://mailchimp.com/release/plums/cxp/js/index.0b1a4bc3.1.js:0
[ 2682084ms] [WARNING] Key email has no value @ https://mailchimp.com/release/plums/cxp/js/index.0b1a4bc3.1.js:0
[ 2682084ms] [WARNING] Key email has no value @ https://mailchimp.com/release/plums/cxp/js/index.0b1a4bc3.1.js:0
[ 2682084ms] [WARNING] Key email has no value @ https://mailchimp.com/release/plums/cxp/js/index.0b1a4bc3.1.js:0
[ 2682084ms] [WARNING] Key email has no value @ https://mailchimp.com/release/plums/cxp/js/index.0b1a4bc3.1.js:0
[ 2682085ms] [WARNING] Key email has no value @ https://mailchimp.com/release/plums/cxp/js/index.0b1a4bc3.1.js:0
[ 2682113ms] [ERROR] A bad HTTP response code (404) was received when fetching the script. @ :0
[ 2682188ms] [ERROR] [GSI_LOGGER]: FedCM get() rejects with NetworkError: Error retrieving a token. @ https://mailchimp.com/release/plums/cxp/js/index.0b1a4bc3.1.js:0
[ 2682209ms] [ERROR] Failed to load resource: net::ERR_NAME_NOT_RESOLVED @ https://e-10220.adzerk.net/e/10220/2427786/e.gif?_=1791425899273:0
[ 2682771ms] [ERROR] The Content Security Policy directive 'upgrade-insecure-requests' is ignored when delivered in a report-only policy. @ https://capture.navattic.com/_next/static/chunks/framework-0aaea818a11bff82.js:2
[ 2682772ms] [ERROR] The Content Security Policy directive 'upgrade-insecure-requests' is ignored when delivered in a report-only policy. @ https://capture.navattic.com/_next/static/chunks/framework-0aaea818a11bff82.js:2
[ 2682791ms] [WARNING] Unrecognized feature: 'attribution-reporting'. @ https://c.amazon-adsystem.com/aat/amzn.js:1
[ 2682792ms] [WARNING] Unrecognized feature: 'attribution-reporting'. @ https://c.amazon-adsystem.com/aat/amzn.js:1
[ 2682792ms] [WARNING] Unrecognized feature: 'attribution-reporting'. @ https://c.amazon-adsystem.com/aat/amzn.js:1
[ 2682792ms] [WARNING] Unrecognized feature: 'attribution-reporting'. @ https://c.amazon-adsystem.com/aat/amzn.js:1
[ 2682792ms] [WARNING] Unrecognized feature: 'attribution-reporting'. @ https://c.amazon-adsystem.com/aat/amzn.js:1
[ 2682792ms] [WARNING] Unrecognized feature: 'attribution-reporting'. @ https://c.amazon-adsystem.com/aat/amzn.js:1
[ 2682792ms] [WARNING] Unrecognized feature: 'attribution-reporting'. @ https://c.amazon-adsystem.com/aat/amzn.js:1
[ 2682792ms] [WARNING] Unrecognized feature: 'attribution-reporting'. @ https://c.amazon-adsystem.com/aat/amzn.js:1
[ 2682792ms] [WARNING] Unrecognized feature: 'attribution-reporting'. @ https://c.amazon-adsystem.com/aat/amzn.js:1
[ 2682792ms] [WARNING] Unrecognized feature: 'attribution-reporting'. @ https://c.amazon-adsystem.com/aat/amzn.js:1
[ 2682792ms] [WARNING] Unrecognized feature: 'attribution-reporting'. @ https://c.amazon-adsystem.com/aat/amzn.js:1
[ 2682792ms] [WARNING] Unrecognized feature: 'attribution-reporting'. @ https://c.amazon-adsystem.com/aat/amzn.js:1
[ 2682793ms] [WARNING] Unrecognized feature: 'attribution-reporting'. @ https://c.amazon-adsystem.com/aat/amzn.js:1
[ 2682793ms] [WARNING] Unrecognized feature: 'attribution-reporting'. @ https://c.amazon-adsystem.com/aat/amzn.js:1
[ 2682793ms] [WARNING] Unrecognized feature: 'attribution-reporting'. @ https://c.amazon-adsystem.com/aat/amzn.js:1
[ 2682793ms] [WARNING] Unrecognized feature: 'attribution-reporting'. @ https://c.amazon-adsystem.com/aat/amzn.js:1
[ 2682793ms] [WARNING] Unrecognized feature: 'attribution-reporting'. @ https://c.amazon-adsystem.com/aat/amzn.js:1
[ 2682793ms] [WARNING] Unrecognized feature: 'attribution-reporting'. @ https://c.amazon-adsystem.com/aat/amzn.js:1
[ 2682793ms] [WARNING] Unrecognized feature: 'attribution-reporting'. @ https://c.amazon-adsystem.com/aat/amzn.js:1
[ 2682793ms] [WARNING] Unrecognized feature: 'attribution-reporting'. @ https://c.amazon-adsystem.com/aat/amzn.js:1
[ 2682793ms] [WARNING] Unrecognized feature: 'attribution-reporting'. @ https://c.amazon-adsystem.com/aat/amzn.js:1
[ 2682793ms] [WARNING] Unrecognized feature: 'attribution-reporting'. @ https://c.amazon-adsystem.com/aat/amzn.js:1
[ 2682793ms] [WARNING] Unrecognized feature: 'attribution-reporting'. @ https://c.amazon-adsystem.com/aat/amzn.js:1
[ 2682793ms] [WARNING] Unrecognized feature: 'attribution-reporting'. @ https://c.amazon-adsystem.com/aat/amzn.js:1
[ 2682793ms] [WARNING] Unrecognized feature: 'attribution-reporting'. @ https://c.amazon-adsystem.com/aat/amzn.js:1
[ 2682794ms] [WARNING] Unrecognized feature: 'attribution-reporting'. @ https://c.amazon-adsystem.com/aat/amzn.js:1
[ 2682794ms] [WARNING] Unrecognized feature: 'attribution-reporting'. @ https://c.amazon-adsystem.com/aat/amzn.js:1
[ 2682794ms] [WARNING] Unrecognized feature: 'attribution-reporting'. @ https://c.amazon-adsystem.com/aat/amzn.js:1
[ 2682794ms] [WARNING] Unrecognized feature: 'attribution-reporting'. @ https://c.amazon-adsystem.com/aat/amzn.js:1
[ 2682794ms] [WARNING] Unrecognized feature: 'attribution-reporting'. @ https://c.amazon-adsystem.com/aat/amzn.js:1
[ 2682794ms] [WARNING] Unrecognized feature: 'attribution-reporting'. @ https://c.amazon-adsystem.com/aat/amzn.js:1
[ 2682794ms] [WARNING] Unrecognized feature: 'attribution-reporting'. @ https://c.amazon-adsystem.com/aat/amzn.js:1
[ 2682794ms] [WARNING] Unrecognized feature: 'attribution-reporting'. @ https://c.amazon-adsystem.com/aat/amzn.js:1
[ 2682794ms] [WARNING] Unrecognized feature: 'attribution-reporting'. @ https://c.amazon-adsystem.com/aat/amzn.js:1
[ 2682794ms] [WARNING] Unrecognized feature: 'attribution-reporting'. @ https://c.amazon-adsystem.com/aat/amzn.js:1
[ 2682794ms] [WARNING] Unrecognized feature: 'attribution-reporting'. @ https://c.amazon-adsystem.com/aat/amzn.js:1
[ 2682794ms] [WARNING] Unrecognized feature: 'attribution-reporting'. @ https://c.amazon-adsystem.com/aat/amzn.js:1
[ 2682795ms] [WARNING] Unrecognized feature: 'attribution-reporting'. @ https://c.amazon-adsystem.com/aat/amzn.js:1
[ 2682795ms] [WARNING] Unrecognized feature: 'attribution-reporting'. @ https://c.amazon-adsystem.com/aat/amzn.js:1
[ 2682795ms] [WARNING] Unrecognized feature: 'attribution-reporting'. @ https://c.amazon-adsystem.com/aat/amzn.js:1
[ 2682795ms] [WARNING] Unrecognized feature: 'attribution-reporting'. @ https://c.amazon-adsystem.com/aat/amzn.js:1
[ 2682795ms] [WARNING] Unrecognized feature: 'attribution-reporting'. @ https://c.amazon-adsystem.com/aat/amzn.js:1
[ 2682795ms] [WARNING] Unrecognized feature: 'attribution-reporting'. @ https://c.amazon-adsystem.com/aat/amzn.js:1
[ 2682795ms] [WARNING] Unrecognized feature: 'attribution-reporting'. @ https://c.amazon-adsystem.com/aat/amzn.js:1
[ 2682795ms] [WARNING] Unrecognized feature: 'attribution-reporting'. @ https://c.amazon-adsystem.com/aat/amzn.js:1
[ 2682836ms] [LOG] MH - LinkedIn - Set user data ReferenceError: lintrk is not defined @ https://mailchimp.com/release/plums/cxp/js/index.0b1a4bc3.1.js:0
[ 2683578ms] TypeError: Cannot create property 'failure' on string '{"__fs":["GreetFrame",5]}'
    at d.o (https://mailchimp.com/gtm/_/service_worker/6a60/sw_iframe.html?origin=https%3A%2F%2Fmailchimp.com&1p=1&path=%2Fgtm:11:367)
    at Object.handleEvent (https://mailchimp.com/gtm/_/service_worker/6a60/sw_iframe.html?origin=https%3A%2F%2Fmailchimp.com&1p=1&path=%2Fgtm:20:189)
    at https://mailchimp.com/gtm/_/service_worker/6a60/sw_iframe.html?origin=https%3A%2F%2Fmailchimp.com&1p=1&path=%2Fgtm:20:81
[ 2683695ms] [ERROR] The Content Security Policy directive 'upgrade-insecure-requests' is ignored when delivered in a report-only policy. @ https://capture.navattic.com/_next/static/chunks/8484-5b67a321301baca9.js:2
[ 2683695ms] [ERROR] The Content Security Policy directive 'upgrade-insecure-requests' is ignored when delivered in a report-only policy. @ https://capture.navattic.com/_next/static/chunks/8484-5b67a321301baca9.js:2
[ 2683702ms] [ERROR] The Content Security Policy directive 'upgrade-insecure-requests' is ignored when delivered in a report-only policy. @ https://capture.navattic.com/_next/static/chunks/8484-5b67a321301baca9.js:2
[ 2683702ms] [ERROR] The Content Security Policy directive 'upgrade-insecure-requests' is ignored when delivered in a report-only policy. @ https://capture.navattic.com/_next/static/chunks/8484-5b67a321301baca9.js:2
[ 2683711ms] [ERROR] The Content Security Policy directive 'upgrade-insecure-requests' is ignored when delivered in a report-only policy. @ https://capture.navattic.com/_next/static/chunks/8484-5b67a321301baca9.js:2
[ 2683711ms] [ERROR] The Content Security Policy directive 'upgrade-insecure-requests' is ignored when delivered in a report-only policy. @ https://capture.navattic.com/_next/static/chunks/8484-5b67a321301baca9.js:2
[ 2683790ms] [ERROR] Failed to load resource: net::ERR_FAILED @ chrome-extension://invalid/:0
[ 2683806ms] [WARNING] [TikTok Pixel] - Incorrect email format
Issue: The email format for your events does not match the format supported. This can impact Advanced Matching and your ad performance.
Suggestion: Go to your source code and update the format of your shared emails. It should follow 'xxx@xxx.com' format. See https://ads.tiktok.com/marketing_api/docs?id=1739585700402178 for more information. @ https://mailchimp.com/release/plums/cxp/js/index.0b1a4bc3.1.js:0
[ 2683812ms] [WARNING] [TikTok Pixel] - Incorrect email format
Issue: The email format for your events does not match the format supported. This can impact Advanced Matching and your ad performance.
Suggestion: Go to your source code and update the format of your shared emails. It should follow 'xxx@xxx.com' format. See https://ads.tiktok.com/marketing_api/docs?id=1739585700402178 for more information. @ https://mailchimp.com/release/plums/cxp/js/index.0b1a4bc3.1.js:0
[ 2683812ms] [WARNING] [TikTok Pixel] - Incorrect phone number format
Issue: The phone number format for your events doesn't follow the E.164 format. This can affect Advanced Matching and your ad performance.
Suggestion: Go to your source code and update your shared phone numbers. It should follow the E.164 format. See https://ads.tiktok.com/marketing_api/docs?id=1739585700402178 for more information. @ https://mailchimp.com/release/plums/cxp/js/index.0b1a4bc3.1.js:0
[ 2683814ms] [WARNING] [TikTok Pixel] - Incorrect email format
Issue: The email format for your events does not match the format supported. This can impact Advanced Matching and your ad performance.
Suggestion: Go to your source code and update the format of your shared emails. It should follow 'xxx@xxx.com' format. See https://ads.tiktok.com/marketing_api/docs?id=1739585700402178 for more information. @ https://mailchimp.com/release/plums/cxp/js/index.0b1a4bc3.1.js:0
[ 2683815ms] [WARNING] [TikTok Pixel] - Incorrect phone number format
Issue: The phone number format for your events doesn't follow the E.164 format. This can affect Advanced Matching and your ad performance.
Suggestion: Go to your source code and update your shared phone numbers. It should follow the E.164 format. See https://ads.tiktok.com/marketing_api/docs?id=1739585700402178 for more information. @ https://mailchimp.com/release/plums/cxp/js/index.0b1a4bc3.1.js:0
[ 2684679ms] [WARNING] The resource https://mailchimp.com/cdn/product/release/dist/js-src/ecs/cookie-preferences-manager.20fc3264ba1c0834.js was preloaded using link preload but not used within a few seconds from the window's load event. Please make sure it has an appropriate `as` value and it is preloaded intentionally. @ https://mailchimp.com/:0
[ 2687098ms] [ERROR] Failed to load resource: the server responded with a status of 404 () @ https://lingokids.com/wp-content/uploads/elementor/css/custom-apple-webkit.min.css?ver=1789399445:0
[ 2687119ms] [LOG] JQMIGRATE: Migrate is installed, version 3.4.1 @ https://lingokids.com/wp-includes/js/jquery/jquery-migrate.min.js?ver=9ffeb32e2d9e:1
[ 2687195ms] [WARNING] [GTM4WP] Google Tag Manager container code placement set to OFF !!! @ :0
[ 2687195ms] [WARNING] [GTM4WP] Data layer codes are active but GTM container must be loaded using custom coding !!! @ :1
[ 2691469ms] [ERROR] Executing inline script violates the following Content Security Policy directive 'script-src 'self' 'unsafe-inline' 'nonce-MTMzLDkwLDYzLDEyNiwxMTEsMTY5LDE1OCwyMTc=' https://discord.com https://www.googletagmanager.com https://connect.facebook.net https://www.google-analytics.com https://ssl.google-analytics.com https://www.gstatic.com/recaptcha/ https://www.google.com/recaptcha/ https://recaptcha.net/recaptcha/ https://hcaptcha.com https://*.hcaptcha.com https://challenges.cloudflare.com https://s.ytimg.com/yts/jsbin/ https://www.youtube.com/iframe_api https://www.youtube.com/s/player/ https://geolocation.onetrust.com/cookieconsentpub/v1/geo/location https://script.crazyegg.com https://*.website-files.com https://uploads-ssl.webflow.com https://global.localizecdn.com https://cdn.localizeapi.com https://d3e54v103j8qbb.cloudfront.net https://gist.github.com https://unpkg.com/@splinetool/runtime/build/runtime.js https://*.twitter.com https://platform.x.com https://cdn.jsdelivr.net/npm/slick-carousel@1.8.1/slick/slick.min.js https://cdn.jsdelivr.net/npm/swiper@11/swiper-bundle.min.js https://boards-api.greenhouse.io https://ajax.googleapis.com/ajax/libs/webfont/1.6.26/webfont.js https://ajax.googleapis.com/ajax/libs/jquery/3.6.0/jquery.min.js https://cdn.finsweet.com/files/fscalendar/calendar-invite-v1.0.min.js https://www.redditstatic.com https://ads.reddit.com https://cdn.jsdelivr.net/npm/@finsweet/attributes-selectcustom@1.7.2/selectcustom.js https://embed.bsky.app/static/embed.js https://hubspotonwebflow.com/assets/js/form-124.js 'sha256-mjdgHR9aXy-6OwAGlNS_XgNcYG1Uhd2U4pl8vi7-XCY=' 'sha256-gqG2LEZaHDwOL3S_CXJTuk_f3LimTEyruhOc_U0_QUY=' 'sha256-y0oGiuXZdmX7xRABTnY5cbHkfghDqbfX6JoerXLgVJc=' 'sha256-gBzDBwsujjXjXk6GLgdSlLIrvt5h0s3F_qF7Qt8TYwY=' 'sha256-TrY3AqlyKfZdsI3LYsy6u8GAhckLEXeyLcFK2gOe18U=' 'sha256-lVOL-gH47X0Li5QriWNZ69Hcr-71DsXFvGmQxN9TpBw=' 'sha256-j11ZNhk91nmUjPCBAIRcvJeEgnkbdJ9qNqoEMekilec=' 'sha256-1sQ9sTbc6Lumd2Frwf7IBwGG02gPTreTI8QBBW5kibM=' 'sha256-uh1p-Vy3_Cn66Ugk4Hak-gGr2Udg7yiI_5u5E_BdCRM=' 'sha256-7JHgDILwD7i_kvnHwJFF5WsHHmIc98tkBqDqbv47iFE=' 'sha256-KvstP_RIj6GGaE25Mqo-kIO0_WVEls1n5tnNhm8zmPA=' 'sha256-6xIDOlx5P0LKHv8fkot5ULOnB8ySdhjJi5r_ZP5EDPY=' 'sha256-jY_7jWrddtNUb-Y4CFKWaH-R2lrqgm_LAX72E8SLqKw=' 'sha256-MdICB9cW7ILT3ZeSxhN2YlpFxEsn5WHr03Ix-WVpHsw=' 'sha256-fUfByJGhChEFu7PE5HJfFwiYKySnP1H0iXvAxkauLNU=' 'sha256-xjkCDxBOM2TlIn5DpGQM4aJldb4AiHMKlRjfW46l-x0=' 'sha256-VOPfGBY-XgTDMwhG41S5eZyMKlu3gN60suwCPDWZ8MY=' 'sha256-tVeTMYknRG_IAdCHRGlDd9S2bX2_rX0e4HpaP9lgKWY=' 'sha256-kprfDg8ElCpUCFQAX5shnAPf3i59vVTSy02AjZXV3k0=' 'sha256-9zwpTkjhuy41nnRU74rj1TlYykoqAUntsoPtJ20cQAk=' 'sha256-llLws8TR-U3nNRCIvJNVc-SGscqwyeO1IPgpbnWuZdc=' 'sha256-h9lm4cvrD7egZu1GTAE1h2IDy1K4fXgD-q_O7aEosuw=' 'sha256-_cdQbTQzcfSt2_aCceUvkUmLh1WMdvlKbi1BBG7u8Jg=' 'sha256-U0jHWhsvIpjnwYKeJS_-2pe9ROsYnck5ZB2aXNyKWq8=' 'sha256-rB4G_-e_bAPU7rKI_9HC1lBZ0XEa_nHDH6hXFz4GIh4=' 'sha256-N02bP-slnHB-OYEN6imRqCHcHLN5DvBouRmyO2qcQYU=' 'sha256-QHiY6i8ql9SJTaFXzUhm08ZWuNz0QarKruf0Omd9-OQ=' 'sha256-s4OBHcHJnkGxjEyNJhU5BQt4qlt6MH07rG/j/hFOUnE=' 'sha256-s4OBHcHJnkGxjEyNJhU5BQt4qlt6MH07rG_j_hFOUnE=' 'sha256-mjdgHR9aXy+6OwAGlNS/XgNcYG1Uhd2U4pl8vi7+XCY=' 'sha256-jY/7jWrddtNUb+Y4CFKWaH+R2lrqgm/LAX72E8SLqKw=' 'sha256-lVOL+gH47X0Li5QriWNZ69Hcr+71DsXFvGmQxN9TpBw=' 'sha256-/cdQbTQzcfSt2/aCceUvkUmLh1WMdvlKbi1BBG7u8Jg=' 'sha256-N02bP+slnHB+OYEN6imRqCHcHLN5DvBouRmyO2qcQYU=' 'sha256-gqG2LEZaHDwOL3S/CXJTuk/f3LimTEyruhOc/U0/QUY=' 'sha256-llLws8TR+U3nNRCIvJNVc+SGscqwyeO1IPgpbnWuZdc=' 'sha256-gBzDBwsujjXjXk6GLgdSlLIrvt5h0s3F/qF7Qt8TYwY=' 'sha256-6xIDOlx5P0LKHv8fkot5ULOnB8ySdhjJi5r/ZP5EDPY=' 'sha256-7JHgDILwD7i/kvnHwJFF5WsHHmIc98tkBqDqbv47iFE=' 'sha256-VOPfGBY+XgTDMwhG41S5eZyMKlu3gN60suwCPDWZ8MY=''. Note that 'unsafe-inline' is ignored if either a hash or nonce value is present in the source list. The action has been blocked. @ https://discord.com/:0
[ 2691483ms] [ERROR] Loading the font 'data:application/x-font-ttf;charset=utf-8;base64,AAEAAAALAIAAAwAwT1MvMg8SBiUAAAC8AAAAYGNtYXDpP+a4AAABHAAAAFxnYXNwAAAAEAAAAXgAAAAIZ2x5ZmhS2XEAAAGAAAADHGhlYWQTFw3HAAAEnAAAADZoaGVhCXYFgQAABNQAAAAkaG10eCe4A1oAAAT4AAAAMGxvY2EDtALGAAAFKAAAABptYXhwABAAPgAABUQAAAAgbmFtZSoCsMsAAAVkAAABznBvc3QAAwAAAAAHNAAAACAAAwP4AZAABQAAApkCzAAAAI8CmQLMAAAB6wAzAQkAAAAAAAAAAAAAAAAAAAABEAAAAAAAAAAAAAAAAAAAAABAAADpAwPA/8AAQAPAAEAAAAABAAAAAAAAAAAAAAAgAAAAAAADAAAAAwAAABwAAQADAAAAHAADAAEAAAAcAAQAQAAAAAwACAACAAQAAQAg5gPpA//9//8AAAAAACDmAO...MAAQQJAAMAGgBVAAMAAQQJAAQAGgC4AAMAAQQJAAUAFgAyAAMAAQQJAAYAGgB8AAMAAQQJAAoANADsd2ViZmxvdy1pY29ucwB3AGUAYgBmAGwAbwB3AC0AaQBjAG8AbgBzVmVyc2lvbiAxLjAAVgBlAHIAcwBpAG8AbgAgADEALgAwd2ViZmxvdy1pY29ucwB3AGUAYgBmAGwAbwB3AC0AaQBjAG8AbgBzd2ViZmxvdy1pY29ucwB3AGUAYgBmAGwAbwB3AC0AaQBjAG8AbgBzUmVndWxhcgBSAGUAZwB1AGwAYQByd2ViZmxvdy1pY29ucwB3AGUAYgBmAGwAbwB3AC0AaQBjAG8AbgBzRm9udCBnZW5lcmF0ZWQgYnkgSWNvTW9vbi4ARgBvAG4AdAAgAGcAZQBuAGUAcgBhAHQAZQBkACAAYgB5ACAASQBjAG8ATQBvAG8AbgAuAAAAAwAAAAAAAAAAAAAAAAAAAAAAAAAAAAAAAAAAAAAAAA==' violates the following Content Security Policy directive: "font-src 'self' https://fonts.gstatic.com https://fonts.gstatic.com https://*.website-files.com https://uploads-ssl.webflow.com https://www.redditstatic.com". The action has been blocked. @ https://discord.com/:983
[ 2691819ms] [ERROR] Executing inline script violates the following Content Security Policy directive 'script-src 'self' 'unsafe-inline' 'nonce-MTMzLDkwLDYzLDEyNiwxMTEsMTY5LDE1OCwyMTc=' https://discord.com https://www.googletagmanager.com https://connect.facebook.net https://www.google-analytics.com https://ssl.google-analytics.com https://www.gstatic.com/recaptcha/ https://www.google.com/recaptcha/ https://recaptcha.net/recaptcha/ https://hcaptcha.com https://*.hcaptcha.com https://challenges.cloudflare.com https://s.ytimg.com/yts/jsbin/ https://www.youtube.com/iframe_api https://www.youtube.com/s/player/ https://geolocation.onetrust.com/cookieconsentpub/v1/geo/location https://script.crazyegg.com https://*.website-files.com https://uploads-ssl.webflow.com https://global.localizecdn.com https://cdn.localizeapi.com https://d3e54v103j8qbb.cloudfront.net https://gist.github.com https://unpkg.com/@splinetool/runtime/build/runtime.js https://*.twitter.com https://platform.x.com https://cdn.jsdelivr.net/npm/slick-carousel@1.8.1/slick/slick.min.js https://cdn.jsdelivr.net/npm/swiper@11/swiper-bundle.min.js https://boards-api.greenhouse.io https://ajax.googleapis.com/ajax/libs/webfont/1.6.26/webfont.js https://ajax.googleapis.com/ajax/libs/jquery/3.6.0/jquery.min.js https://cdn.finsweet.com/files/fscalendar/calendar-invite-v1.0.min.js https://www.redditstatic.com https://ads.reddit.com https://cdn.jsdelivr.net/npm/@finsweet/attributes-selectcustom@1.7.2/selectcustom.js https://embed.bsky.app/static/embed.js https://hubspotonwebflow.com/assets/js/form-124.js 'sha256-mjdgHR9aXy-6OwAGlNS_XgNcYG1Uhd2U4pl8vi7-XCY=' 'sha256-gqG2LEZaHDwOL3S_CXJTuk_f3LimTEyruhOc_U0_QUY=' 'sha256-y0oGiuXZdmX7xRABTnY5cbHkfghDqbfX6JoerXLgVJc=' 'sha256-gBzDBwsujjXjXk6GLgdSlLIrvt5h0s3F_qF7Qt8TYwY=' 'sha256-TrY3AqlyKfZdsI3LYsy6u8GAhckLEXeyLcFK2gOe18U=' 'sha256-lVOL-gH47X0Li5QriWNZ69Hcr-71DsXFvGmQxN9TpBw=' 'sha256-j11ZNhk91nmUjPCBAIRcvJeEgnkbdJ9qNqoEMekilec=' 'sha256-1sQ9sTbc6Lumd2Frwf7IBwGG02gPTreTI8QBBW5kibM=' 'sha256-uh1p-Vy3_Cn66Ugk4Hak-gGr2Udg7yiI_5u5E_BdCRM=' 'sha256-7JHgDILwD7i_kvnHwJFF5WsHHmIc98tkBqDqbv47iFE=' 'sha256-KvstP_RIj6GGaE25Mqo-kIO0_WVEls1n5tnNhm8zmPA=' 'sha256-6xIDOlx5P0LKHv8fkot5ULOnB8ySdhjJi5r_ZP5EDPY=' 'sha256-jY_7jWrddtNUb-Y4CFKWaH-R2lrqgm_LAX72E8SLqKw=' 'sha256-MdICB9cW7ILT3ZeSxhN2YlpFxEsn5WHr03Ix-WVpHsw=' 'sha256-fUfByJGhChEFu7PE5HJfFwiYKySnP1H0iXvAxkauLNU=' 'sha256-xjkCDxBOM2TlIn5DpGQM4aJldb4AiHMKlRjfW46l-x0=' 'sha256-VOPfGBY-XgTDMwhG41S5eZyMKlu3gN60suwCPDWZ8MY=' 'sha256-tVeTMYknRG_IAdCHRGlDd9S2bX2_rX0e4HpaP9lgKWY=' 'sha256-kprfDg8ElCpUCFQAX5shnAPf3i59vVTSy02AjZXV3k0=' 'sha256-9zwpTkjhuy41nnRU74rj1TlYykoqAUntsoPtJ20cQAk=' 'sha256-llLws8TR-U3nNRCIvJNVc-SGscqwyeO1IPgpbnWuZdc=' 'sha256-h9lm4cvrD7egZu1GTAE1h2IDy1K4fXgD-q_O7aEosuw=' 'sha256-_cdQbTQzcfSt2_aCceUvkUmLh1WMdvlKbi1BBG7u8Jg=' 'sha256-U0jHWhsvIpjnwYKeJS_-2pe9ROsYnck5ZB2aXNyKWq8=' 'sha256-rB4G_-e_bAPU7rKI_9HC1lBZ0XEa_nHDH6hXFz4GIh4=' 'sha256-N02bP-slnHB-OYEN6imRqCHcHLN5DvBouRmyO2qcQYU=' 'sha256-QHiY6i8ql9SJTaFXzUhm08ZWuNz0QarKruf0Omd9-OQ=' 'sha256-s4OBHcHJnkGxjEyNJhU5BQt4qlt6MH07rG/j/hFOUnE=' 'sha256-s4OBHcHJnkGxjEyNJhU5BQt4qlt6MH07rG_j_hFOUnE=' 'sha256-mjdgHR9aXy+6OwAGlNS/XgNcYG1Uhd2U4pl8vi7+XCY=' 'sha256-jY/7jWrddtNUb+Y4CFKWaH+R2lrqgm/LAX72E8SLqKw=' 'sha256-lVOL+gH47X0Li5QriWNZ69Hcr+71DsXFvGmQxN9TpBw=' 'sha256-/cdQbTQzcfSt2/aCceUvkUmLh1WMdvlKbi1BBG7u8Jg=' 'sha256-N02bP+slnHB+OYEN6imRqCHcHLN5DvBouRmyO2qcQYU=' 'sha256-gqG2LEZaHDwOL3S/CXJTuk/f3LimTEyruhOc/U0/QUY=' 'sha256-llLws8TR+U3nNRCIvJNVc+SGscqwyeO1IPgpbnWuZdc=' 'sha256-gBzDBwsujjXjXk6GLgdSlLIrvt5h0s3F/qF7Qt8TYwY=' 'sha256-6xIDOlx5P0LKHv8fkot5ULOnB8ySdhjJi5r/ZP5EDPY=' 'sha256-7JHgDILwD7i/kvnHwJFF5WsHHmIc98tkBqDqbv47iFE=' 'sha256-VOPfGBY+XgTDMwhG41S5eZyMKlu3gN60suwCPDWZ8MY=''. Note that 'unsafe-inline' is ignored if either a hash or nonce value is present in the source list. The action has been blocked. @ https://discord.com/:1355
[ 2692173ms] [ERROR] Failed to load resource: the server responded with a status of 401 () @ https://discord.com/api/v9/users/@me?with_analytics_token=true:0
[ 2692378ms] [ERROR] Connecting to 'https://www.google.com/ccm/collect?rcb=8&frm=0&apvc=1&ae=g&auid=1761082767.1791425910&dt=Discord%20-%20Group%20Chat%20That%E2%80%99s%20All%20Fun%20%26%20Games&en=page_view&dl=https%3A%2F%2Fdiscord.com%2F&scrsrc=www.googletagmanager.com&rnd=1377126313.1791425910&navt=n&npa=0&ep.ads_data_redaction=0&gtm=45He6a61v78288918za200zd78288918xeaxf1&gcd=13l3l3l3l1l1&dma=0&tag_exp=115616986~115938465~115938468~118897920~118897930~120385423~120469145~120469153~121046263~121046271~121125486~121246026~121246034~121280970&tft=1791425909932&tfd=1362&fmt=8' violates the following Content Security Policy directive: "connect-src 'self' https://discordapp.com https://discord.com https://connect.facebook.net https://api.greenhouse.io https://api.github.com https://*.sentry.io https://www.google-analytics.com https://*.hcaptcha.com https://hcaptcha.com https://geolocation.onetrust.com/cookieconsentpub/v1/geo/location ws://127.0.0.1:* http://127.0.0.1:* https://global.localizecdn.com https://cdn.localizeapi.com https://*.website-files.com https://uploads-ssl.webflow.com https://webflow.com/api/ https://script.crazyegg.com https://assets-tracking.crazyegg.com https://pagestates-tracking.crazyegg.com https://tracking.crazyegg.com https://www.redditstatic.com https://pixel-config.reddit.com https://conversions-config.reddit.com https://redditstatic.com https://ads.reddit.com https://hubspotonwebflow.com/api/forms/blockList https://hubspotonwebflow.com/assets/js/blockedDomains.json https://hubspotonwebflow.com/api/forms/cf7f8234-dcdf-4b6e-b0e4-371878d5286e https://hubspotonwebflow.com/api/forms/28f33b0d-28c9-4d17-91ae-999b4388dd2d". The action has been blocked. @ https://discord.com/w/assets/037fd0eb0d1e6f664d0d8c7618740ab66e45b1f2/index-consolidated.js:1133
[ 2692378ms] [ERROR] Fetch API cannot load https://www.google.com/ccm/collect?rcb=8&frm=0&apvc=1&ae=g&auid=1761082767.1791425910&dt=Discord%20-%20Group%20Chat%20That%E2%80%99s%20All%20Fun%20%26%20Games&en=page_view&dl=https%3A%2F%2Fdiscord.com%2F&scrsrc=www.googletagmanager.com&rnd=1377126313.1791425910&navt=n&npa=0&ep.ads_data_redaction=0&gtm=45He6a61v78288918za200zd78288918xeaxf1&gcd=13l3l3l3l1l1&dma=0&tag_exp=115616986~115938465~115938468~118897920~118897930~120385423~120469145~120469153~121046263~121046271~121125486~121246026~121246034~121280970&tft=1791425909932&tfd=1362&fmt=8. Refused to connect because it violates the document's Content Security Policy. @ https://discord.com/w/assets/037fd0eb0d1e6f664d0d8c7618740ab66e45b1f2/index-consolidated.js:1133
[ 2692378ms] [ERROR] Loading the image 'https://www.google.com/ccm/collect?rcb=8&frm=0&apvc=1&ae=g&auid=1761082767.1791425910&dt=Discord%20-%20Group%20Chat%20That%E2%80%99s%20All%20Fun%20%26%20Games&en=page_view&dl=https%3A%2F%2Fdiscord.com%2F&scrsrc=www.googletagmanager.com&rnd=1377126313.1791425910&navt=n&npa=0&ep.ads_data_redaction=0&gtm=45He6a61v78288918za200zd78288918xeaxf1&gcd=13l3l3l3l1l1&dma=0&tag_exp=115616986~115938465~115938468~118897920~118897930~120385423~120469145~120469153~121046263~121046271~121125486~121246026~121246034~121280970&tft=1791425909932&tfd=1362&fmt=3' violates the following Content Security Policy directive: "img-src 'self' https://www.google-analytics.com https://www.googletagmanager.com https://www.facebook.com https://cdn.discordapp.com https://safety.discord.com https://discordmoderatoracademy.zendesk.com https://assets-global.website-files.com data: https://*.website-files.com https://uploads-ssl.webflow.com https://global.localizecdn.com https://cdn.localizeapi.com https://*.ytimg.com https://uploads-ssl.webflow.com https://alb.reddit.com". The action has been blocked. @ https://discord.com/:0
[ 2695983ms] [ERROR] Connecting to 'https://privacyportal.onetrust.com/request/v1/consentreceipts' violates the following Content Security Policy directive: "connect-src 'self' https://discordapp.com https://discord.com https://connect.facebook.net https://api.greenhouse.io https://api.github.com https://*.sentry.io https://www.google-analytics.com https://*.hcaptcha.com https://hcaptcha.com https://geolocation.onetrust.com/cookieconsentpub/v1/geo/location ws://127.0.0.1:* http://127.0.0.1:* https://global.localizecdn.com https://cdn.localizeapi.com https://*.website-files.com https://uploads-ssl.webflow.com https://webflow.com/api/ https://script.crazyegg.com https://assets-tracking.crazyegg.com https://pagestates-tracking.crazyegg.com https://tracking.crazyegg.com https://www.redditstatic.com https://pixel-config.reddit.com https://conversions-config.reddit.com https://redditstatic.com https://ads.reddit.com https://hubspotonwebflow.com/api/forms/blockList https://hubspotonwebflow.com/assets/js/blockedDomains.json https://hubspotonwebflow.com/api/forms/cf7f8234-dcdf-4b6e-b0e4-371878d5286e https://hubspotonwebflow.com/api/forms/28f33b0d-28c9-4d17-91ae-999b4388dd2d". The action has been blocked. @ https://discord.com/assets/oneTrust/v8/scripttemplates/202501.2.0/otBannerSdk.js:6
[ 2696750ms] [ERROR] Failed to load resource: the server responded with a status of 404 () @ https://static.headspace.com/fonts/apercu/apercu_mono_pro_bold.woff2:0
[ 2696752ms] [ERROR] Failed to load resource: the server responded with a status of 404 () @ https://static.headspace.com/fonts/apercu/apercu_mono_pro_regular.woff2:0
[ 2696761ms] [ERROR] Failed to load resource: the server responded with a status of 404 () @ https://static.headspace.com/fonts/apercu/apercu_mono_pro_light.woff2:0
[ 2696799ms] [ERROR] Failed to load resource: the server responded with a status of 404 () @ https://static.headspace.com/fonts/apercu/apercu_mono_pro_medium.woff2:0
[ 2696944ms] [WARNING]   WARN  [Statsig] Creating multiple Statsig clients with the same SDK key can lead to unexpected behavior. Multi-instance support requires different SDK keys. @ https://www.headspace.com/web-marketing-ssr/_next/static/chunks/ebadc6e472c1786b.js:1
[ 2697003ms] Error: Minified React error #418; visit https://react.dev/errors/418?args[]=text&args[]= for the full message or use the non-minified dev environment for full errors and additional helpful warnings.
    at rR (https://www.headspace.com/web-marketing-ssr/_next/static/chunks/1a0bb58acbf0b64b.js:2:40311)
    at rL (https://www.headspace.com/web-marketing-ssr/_next/static/chunks/1a0bb58acbf0b64b.js:2:41344)
    at https://www.headspace.com/web-marketing-ssr/_next/static/chunks/1a0bb58acbf0b64b.js:2:124664
    at uk (https://www.headspace.com/web-marketing-ssr/_next/static/chunks/1a0bb58acbf0b64b.js:2:129535)
    at ub (https://www.headspace.com/web-marketing-ssr/_next/static/chunks/1a0bb58acbf0b64b.js:2:121325)
    at https://www.headspace.com/web-marketing-ssr/_next/static/chunks/1a0bb58acbf0b64b.js:2:121109
    at uv (https://www.headspace.com/web-marketing-ssr/_next/static/chunks/1a0bb58acbf0b64b.js:2:121117)
    at ui (https://www.headspace.com/web-marketing-ssr/_next/static/chunks/1a0bb58acbf0b64b.js:2:116492)
    at uX (https://www.headspace.com/web-marketing-ssr/_next/static/chunks/1a0bb58acbf0b64b.js:2:139624)
    at MessagePort.R (https://www.headspace.com/web-marketing-ssr/_next/static/chunks/1a0bb58acbf0b64b.js:2:3461)
[ 2697136ms] [ERROR] Failed to load resource: the server responded with a status of 401 () @ https://www.headspace.com/auth/profile:0
[ 2697810ms] [LOG] TUNE SDK: loaded SDK library @ https://www.headspace.com/web-marketing-ssr/_next/static/chunks/81763efaab876f82.js:16
[ 2702259ms] [ERROR] Failed to load resource: the server responded with a status of 401 () @ https://www.headspace.com/auth/profile:0
[ 2717394ms] [ERROR] Failed to load resource: the server responded with a status of 401 () @ https://www.headspace.com/auth/profile:0
[ 2731563ms] [LOG] [Framer On-Page Editing] Unavailable because not on a `framer.app` subdomain and access status is no-auth @ https://app.framerstatic.com/editorbar.DEIDXMPZ.mjs:0
[ 2966526ms] [INFO] %cDownload the React DevTools for a better development experience: https://react.dev/link/react-devtools font-weight:bold @ http://localhost:3000/node_modules/.vite/deps/react-dom_client.js?v=320a6482:15804
[ 2967132ms] [ERROR] Access to fetch at 'https://api.lift.garrett.one/api/auth/get-session' from origin 'http://localhost:3000' has been blocked by CORS policy: No 'Access-Control-Allow-Origin' header is present on the requested resource. @ http://localhost:3000/:0
[ 2967133ms] [ERROR] Failed to load resource: net::ERR_FAILED @ https://api.lift.garrett.one/api/auth/get-session:0
[ 3023906ms] [INFO] %cDownload the React DevTools for a better development experience: https://react.dev/link/react-devtools font-weight:bold @ http://localhost:3000/node_modules/.vite/deps/react-dom_client.js?v=320a6482:15804
[ 3024502ms] [ERROR] Access to fetch at 'https://api.lift.garrett.one/api/auth/get-session' from origin 'http://localhost:3000' has been blocked by CORS policy: No 'Access-Control-Allow-Origin' header is present on the requested resource. @ http://localhost:3000/:0
[ 3024503ms] [ERROR] Failed to load resource: net::ERR_FAILED @ https://api.lift.garrett.one/api/auth/get-session:0
