[     649ms] [LOG] 
           █████████████      █████████████
         ███████████████    ███████████████
       █████████████████  █████████████████
     ██████████████████████████████████████
   ████████████████████████████████████████
 █████████████████████████████████████████████████
██████████████████████████████████████████████████
██████████████████████████████████████████████████
██████████████████████████████████████████████████
████████████████  █████████████████  █████████████
██████████████    ███████████████    █████████████
████████████      █████████████      █████████████

Join us in empowering the world to design great digital experiences - https://careers.mobbin.com @ https://mobbin.com/_next/static/immutable/chunks/0aklsjgb21qjx.js:12
[     671ms] [INFO] Initial session @ https://mobbin.com/_next/static/immutable/chunks/0aklsjgb21qjx.js:12
[    1002ms] [VERBOSE] [DOM] Input elements should have autocomplete attributes (suggested: "current-password"): (More info: https://goo.gl/9p2vKq) %o @ https://mobbin.com/signup?redirect_to=%2Fsites%2Fsections%2Fdc2d4f95-b523-4103-941b-3dbf7c9bc8c6:0
[    1047ms] [LOG] 
           █████████████      █████████████
         ███████████████    ███████████████
       █████████████████  █████████████████
     ██████████████████████████████████████
   ████████████████████████████████████████
 █████████████████████████████████████████████████
██████████████████████████████████████████████████
██████████████████████████████████████████████████
██████████████████████████████████████████████████
████████████████  █████████████████  █████████████
██████████████    ███████████████    █████████████
████████████      █████████████      █████████████

Join us in empowering the world to design great digital experiences - https://careers.mobbin.com @ https://mobbin.com/_next/static/immutable/chunks/0aklsjgb21qjx.js:12
[    1075ms] [INFO] Initial session @ https://mobbin.com/_next/static/immutable/chunks/0aklsjgb21qjx.js:12
[    1245ms] [LOG] [Churnkey] Embed v1.0.90 @ https://mobbin.com/_next/static/immutable/chunks/0aklsjgb21qjx.js:12
[   10827ms] [WARNING] The resource https://mobbin.com/_next/static/immutable/chunks/1_i7tf5-yq4y8.css was preloaded using link preload but not used within a few seconds from the window's load event. Please make sure it has an appropriate `as` value and it is preloaded intentionally. @ https://mobbin.com/signup?redirect_to=%2Fsites%2Fsections%2Fdc2d4f95-b523-4103-941b-3dbf7c9bc8c6:0
[  233056ms] [ERROR] Failed to load resource: net::ERR_NETWORK_CHANGED @ https://cdn.growthbook.io/sub/sdk-FX7RWOHf7aP8Vnt:0
[  236059ms] [WARNING] The resource https://mobbin.com/_next/static/immutable/chunks/1_i7tf5-yq4y8.css was preloaded using link preload but not used within a few seconds from the window's load event. Please make sure it has an appropriate `as` value and it is preloaded intentionally. @ https://mobbin.com/signup?redirect_to=%2Fsites%2Fsections%2Fdc2d4f95-b523-4103-941b-3dbf7c9bc8c6:0
[  243110ms] [ERROR] Failed to load resource: net::ERR_INTERNET_DISCONNECTED @ https://cdn.growthbook.io/sub/sdk-FX7RWOHf7aP8Vnt:0
[  246112ms] [WARNING] The resource https://mobbin.com/_next/static/immutable/chunks/1_i7tf5-yq4y8.css was preloaded using link preload but not used within a few seconds from the window's load event. Please make sure it has an appropriate `as` value and it is preloaded intentionally. @ https://mobbin.com/signup?redirect_to=%2Fsites%2Fsections%2Fdc2d4f95-b523-4103-941b-3dbf7c9bc8c6:0
[ 1297625ms] [ERROR] Failed to load resource: net::ERR_INTERNET_DISCONNECTED @ https://cdn.growthbook.io/sub/sdk-FX7RWOHf7aP8Vnt:0
[ 1300628ms] [WARNING] The resource https://mobbin.com/_next/static/immutable/chunks/1_i7tf5-yq4y8.css was preloaded using link preload but not used within a few seconds from the window's load event. Please make sure it has an appropriate `as` value and it is preloaded intentionally. @ https://mobbin.com/signup?redirect_to=%2Fsites%2Fsections%2Fdc2d4f95-b523-4103-941b-3dbf7c9bc8c6:0
[ 1369957ms] [ERROR] Failed to load resource: net::ERR_INTERNET_DISCONNECTED @ https://cdn.growthbook.io/sub/sdk-FX7RWOHf7aP8Vnt:0
[ 1372959ms] [WARNING] The resource https://mobbin.com/_next/static/immutable/chunks/1_i7tf5-yq4y8.css was preloaded using link preload but not used within a few seconds from the window's load event. Please make sure it has an appropriate `as` value and it is preloaded intentionally. @ https://mobbin.com/signup?redirect_to=%2Fsites%2Fsections%2Fdc2d4f95-b523-4103-941b-3dbf7c9bc8c6:0
[ 1382860ms] [ERROR] Failed to load resource: net::ERR_NETWORK_CHANGED @ https://cdn.growthbook.io/sub/sdk-FX7RWOHf7aP8Vnt:0
[ 1385864ms] [WARNING] The resource https://mobbin.com/_next/static/immutable/chunks/1_i7tf5-yq4y8.css was preloaded using link preload but not used within a few seconds from the window's load event. Please make sure it has an appropriate `as` value and it is preloaded intentionally. @ https://mobbin.com/signup?redirect_to=%2Fsites%2Fsections%2Fdc2d4f95-b523-4103-941b-3dbf7c9bc8c6:0
[ 1392886ms] [ERROR] Failed to load resource: net::ERR_INTERNET_DISCONNECTED @ https://cdn.growthbook.io/sub/sdk-FX7RWOHf7aP8Vnt:0
[ 1395887ms] [WARNING] The resource https://mobbin.com/_next/static/immutable/chunks/1_i7tf5-yq4y8.css was preloaded using link preload but not used within a few seconds from the window's load event. Please make sure it has an appropriate `as` value and it is preloaded intentionally. @ https://mobbin.com/signup?redirect_to=%2Fsites%2Fsections%2Fdc2d4f95-b523-4103-941b-3dbf7c9bc8c6:0
[ 1402893ms] [ERROR] Failed to load resource: net::ERR_INTERNET_DISCONNECTED @ https://cdn.growthbook.io/sub/sdk-FX7RWOHf7aP8Vnt:0
[ 1405896ms] [WARNING] The resource https://mobbin.com/_next/static/immutable/chunks/1_i7tf5-yq4y8.css was preloaded using link preload but not used within a few seconds from the window's load event. Please make sure it has an appropriate `as` value and it is preloaded intentionally. @ https://mobbin.com/signup?redirect_to=%2Fsites%2Fsections%2Fdc2d4f95-b523-4103-941b-3dbf7c9bc8c6:0
[ 1470109ms] [ERROR] Failed to load resource: net::ERR_INTERNET_DISCONNECTED @ https://cdn.growthbook.io/sub/sdk-FX7RWOHf7aP8Vnt:0
[ 1473112ms] [WARNING] The resource https://mobbin.com/_next/static/immutable/chunks/1_i7tf5-yq4y8.css was preloaded using link preload but not used within a few seconds from the window's load event. Please make sure it has an appropriate `as` value and it is preloaded intentionally. @ https://mobbin.com/signup?redirect_to=%2Fsites%2Fsections%2Fdc2d4f95-b523-4103-941b-3dbf7c9bc8c6:0
[ 1475320ms] [ERROR] Failed to load resource: net::ERR_INTERNET_DISCONNECTED @ https://cdn.growthbook.io/sub/sdk-FX7RWOHf7aP8Vnt:0
[ 1478321ms] [WARNING] The resource https://mobbin.com/_next/static/immutable/chunks/1_i7tf5-yq4y8.css was preloaded using link preload but not used within a few seconds from the window's load event. Please make sure it has an appropriate `as` value and it is preloaded intentionally. @ https://mobbin.com/signup?redirect_to=%2Fsites%2Fsections%2Fdc2d4f95-b523-4103-941b-3dbf7c9bc8c6:0
[ 1524433ms] [ERROR] Failed to load resource: net::ERR_NETWORK_CHANGED @ https://cdn.growthbook.io/sub/sdk-FX7RWOHf7aP8Vnt:0
[ 1527442ms] [WARNING] The resource https://mobbin.com/_next/static/immutable/chunks/1_i7tf5-yq4y8.css was preloaded using link preload but not used within a few seconds from the window's load event. Please make sure it has an appropriate `as` value and it is preloaded intentionally. @ https://mobbin.com/signup?redirect_to=%2Fsites%2Fsections%2Fdc2d4f95-b523-4103-941b-3dbf7c9bc8c6:0
